---
source: tests/test_e2e.rs
expression: cmm_ast
input_file: tests/test_programs/unary_complement.c
---
Parser(
    Program {
        function: Function {
            identifier: "main",
            body: Return {
                expression: Unary {
                    operator: Complement,
                    expression: IntegerConstant {
                        value: 1,
                    },
                },
            },
        },
    },
)
