---
source: tests/test_e2e.rs
expression: tokens
input_file: tests/test_programs/integer_constant.c
---
[
    IntKeyword,
    Identifier(
        "main",
    ),
    OpenParen,
    VoidKeyword,
    CloseParen,
    OpenBrace,
    ReturnKeyword,
    Constant(
        1,
    ),
    Semicolon,
    CloseBrace,
]
