---
source: tests/test_e2e.rs
expression: cmm_ast
input_file: tests/test_programs/parenthesized_expression.c
---
Parser(
    Program {
        function: Function {
            identifier: "main",
            body: Return {
                expression: IntegerConstant {
                    value: 1,
                },
            },
        },
    },
)
